
Discarded input sections

 .text          0x00000000        0x0 ../obj/main.o
 .data          0x00000000        0x0 ../obj/main.o
 .bss           0x00000000        0x0 ../obj/main.o
 .text          0x00000000        0x0 ../obj/stm32f10x_it.o
 .data          0x00000000        0x0 ../obj/stm32f10x_it.o
 .bss           0x00000000        0x0 ../obj/stm32f10x_it.o
 .text          0x00000000        0x0 ../obj/system_stm32f10x.o
 .data          0x00000000        0x0 ../obj/system_stm32f10x.o
 .bss           0x00000000        0x0 ../obj/system_stm32f10x.o
 .data.SystemCoreClock
                0x00000000        0x4 ../obj/system_stm32f10x.o
 .data.AHBPrescTable
                0x00000000       0x10 ../obj/system_stm32f10x.o
 .text.SystemCoreClockUpdate
                0x00000000       0xdc ../obj/system_stm32f10x.o
 .text          0x00000000        0x0 ../obj/core_cm3.o
 .data          0x00000000        0x0 ../obj/core_cm3.o
 .bss           0x00000000        0x0 ../obj/core_cm3.o
 .text.__get_PSP
                0x00000000       0x10 ../obj/core_cm3.o
 .text.__set_PSP
                0x00000000        0xa ../obj/core_cm3.o
 .text.__get_MSP
                0x00000000       0x10 ../obj/core_cm3.o
 .text.__set_MSP
                0x00000000        0xa ../obj/core_cm3.o
 .text.__get_BASEPRI
                0x00000000       0x1c ../obj/core_cm3.o
 .text.__set_BASEPRI
                0x00000000       0x18 ../obj/core_cm3.o
 .text.__get_PRIMASK
                0x00000000       0x1c ../obj/core_cm3.o
 .text.__set_PRIMASK
                0x00000000       0x18 ../obj/core_cm3.o
 .text.__get_FAULTMASK
                0x00000000       0x1c ../obj/core_cm3.o
 .text.__set_FAULTMASK
                0x00000000       0x18 ../obj/core_cm3.o
 .text.__get_CONTROL
                0x00000000       0x1c ../obj/core_cm3.o
 .text.__set_CONTROL
                0x00000000       0x18 ../obj/core_cm3.o
 .text.__REV    0x00000000       0x1e ../obj/core_cm3.o
 .text.__REV16  0x00000000       0x20 ../obj/core_cm3.o
 .text.__REVSH  0x00000000       0x20 ../obj/core_cm3.o
 .text.__RBIT   0x00000000       0x20 ../obj/core_cm3.o
 .text.__LDREXB
                0x00000000       0x20 ../obj/core_cm3.o
 .text.__LDREXH
                0x00000000       0x20 ../obj/core_cm3.o
 .text.__LDREXW
                0x00000000       0x20 ../obj/core_cm3.o
 .text.__STREXB
                0x00000000       0x26 ../obj/core_cm3.o
 .text.__STREXH
                0x00000000       0x26 ../obj/core_cm3.o
 .text.__STREXW
                0x00000000       0x24 ../obj/core_cm3.o
 .debug_info    0x00000000      0x5dc ../obj/core_cm3.o
 .debug_abbrev  0x00000000       0xf6 ../obj/core_cm3.o
 .debug_loc     0x00000000      0x678 ../obj/core_cm3.o
 .debug_aranges
                0x00000000       0xc8 ../obj/core_cm3.o
 .debug_ranges  0x00000000       0xb8 ../obj/core_cm3.o
 .debug_line    0x00000000      0x322 ../obj/core_cm3.o
 .debug_str     0x00000000      0x349 ../obj/core_cm3.o
 .comment       0x00000000       0x77 ../obj/core_cm3.o
 .debug_frame   0x00000000      0x320 ../obj/core_cm3.o
 .ARM.attributes
                0x00000000       0x2d ../obj/core_cm3.o
 .text          0x00000000       0x14 ../obj/startup_stm32f10x_hd.o
 .data          0x00000000        0x0 ../obj/startup_stm32f10x_hd.o
 .bss           0x00000000        0x0 ../obj/startup_stm32f10x_hd.o
 .text          0x00000000        0x0 ../obj/misc.o
 .data          0x00000000        0x0 ../obj/misc.o
 .bss           0x00000000        0x0 ../obj/misc.o
 .text.NVIC_PriorityGroupConfig
                0x00000000       0x24 ../obj/misc.o
 .text.NVIC_Init
                0x00000000       0xc4 ../obj/misc.o
 .text.NVIC_SetVectorTable
                0x00000000       0x2c ../obj/misc.o
 .text.NVIC_SystemLPConfig
                0x00000000       0x40 ../obj/misc.o
 .text.SysTick_CLKSourceConfig
                0x00000000       0x38 ../obj/misc.o
 .debug_info    0x00000000      0x59d ../obj/misc.o
 .debug_abbrev  0x00000000      0x187 ../obj/misc.o
 .debug_loc     0x00000000      0x1cc ../obj/misc.o
 .debug_aranges
                0x00000000       0x40 ../obj/misc.o
 .debug_ranges  0x00000000       0x30 ../obj/misc.o
 .debug_line    0x00000000      0x22a ../obj/misc.o
 .debug_str     0x00000000      0x43a ../obj/misc.o
 .comment       0x00000000       0x77 ../obj/misc.o
 .debug_frame   0x00000000       0xd8 ../obj/misc.o
 .ARM.attributes
                0x00000000       0x2d ../obj/misc.o
 .text          0x00000000        0x0 ../obj/stm32f10x_adc.o
 .data          0x00000000        0x0 ../obj/stm32f10x_adc.o
 .bss           0x00000000        0x0 ../obj/stm32f10x_adc.o
 .text.ADC_DeInit
                0x00000000       0x74 ../obj/stm32f10x_adc.o
 .text.ADC_Init
                0x00000000       0xa4 ../obj/stm32f10x_adc.o
 .text.ADC_StructInit
                0x00000000       0x36 ../obj/stm32f10x_adc.o
 .text.ADC_Cmd  0x00000000       0x36 ../obj/stm32f10x_adc.o
 .text.ADC_DMACmd
                0x00000000       0x36 ../obj/stm32f10x_adc.o
 .text.ADC_ITConfig
                0x00000000       0x44 ../obj/stm32f10x_adc.o
 .text.ADC_ResetCalibration
                0x00000000       0x1e ../obj/stm32f10x_adc.o
 .text.ADC_GetResetCalibrationStatus
                0x00000000       0x2e ../obj/stm32f10x_adc.o
 .text.ADC_StartCalibration
                0x00000000       0x1e ../obj/stm32f10x_adc.o
 .text.ADC_GetCalibrationStatus
                0x00000000       0x2e ../obj/stm32f10x_adc.o
 .text.ADC_SoftwareStartConvCmd
                0x00000000       0x36 ../obj/stm32f10x_adc.o
 .text.ADC_GetSoftwareStartConvStatus
                0x00000000       0x2e ../obj/stm32f10x_adc.o
 .text.ADC_DiscModeChannelCountConfig
                0x00000000       0x42 ../obj/stm32f10x_adc.o
 .text.ADC_DiscModeCmd
                0x00000000       0x36 ../obj/stm32f10x_adc.o
 .text.ADC_RegularChannelConfig
                0x00000000      0x192 ../obj/stm32f10x_adc.o
 .text.ADC_ExternalTrigConvCmd
                0x00000000       0x36 ../obj/stm32f10x_adc.o
 .text.ADC_GetConversionValue
                0x00000000       0x18 ../obj/stm32f10x_adc.o
 .text.ADC_GetDualModeConversionValue
                0x00000000       0x14 ../obj/stm32f10x_adc.o
 .text.ADC_AutoInjectedConvCmd
                0x00000000       0x36 ../obj/stm32f10x_adc.o
 .text.ADC_InjectedDiscModeCmd
                0x00000000       0x36 ../obj/stm32f10x_adc.o
 .text.ADC_ExternalTrigInjectedConvConfig
                0x00000000       0x34 ../obj/stm32f10x_adc.o
 .text.ADC_ExternalTrigInjectedConvCmd
                0x00000000       0x36 ../obj/stm32f10x_adc.o
 .text.ADC_SoftwareStartInjectedConvCmd
                0x00000000       0x36 ../obj/stm32f10x_adc.o
 .text.ADC_GetSoftwareStartInjectedConvCmdStatus
                0x00000000       0x2e ../obj/stm32f10x_adc.o
 .text.ADC_InjectedChannelConfig
                0x00000000      0x120 ../obj/stm32f10x_adc.o
 .text.ADC_InjectedSequencerLengthConfig
                0x00000000       0x42 ../obj/stm32f10x_adc.o
 .text.ADC_SetInjectedOffset
                0x00000000       0x32 ../obj/stm32f10x_adc.o
 .text.ADC_GetInjectedConversionValue
                0x00000000       0x2e ../obj/stm32f10x_adc.o
 .text.ADC_AnalogWatchdogCmd
                0x00000000       0x38 ../obj/stm32f10x_adc.o
 .text.ADC_AnalogWatchdogThresholdsConfig
                0x00000000       0x26 ../obj/stm32f10x_adc.o
 .text.ADC_AnalogWatchdogSingleChannelConfig
                0x00000000       0x36 ../obj/stm32f10x_adc.o
 .text.ADC_TempSensorVrefintCmd
                0x00000000       0x38 ../obj/stm32f10x_adc.o
 .text.ADC_GetFlagStatus
                0x00000000       0x32 ../obj/stm32f10x_adc.o
 .text.ADC_ClearFlag
                0x00000000       0x1e ../obj/stm32f10x_adc.o
 .text.ADC_GetITStatus
                0x00000000       0x54 ../obj/stm32f10x_adc.o
 .text.ADC_ClearITPendingBit
                0x00000000       0x2a ../obj/stm32f10x_adc.o
 .debug_info    0x00000000      0xd08 ../obj/stm32f10x_adc.o
 .debug_abbrev  0x00000000      0x1d7 ../obj/stm32f10x_adc.o
 .debug_loc     0x00000000      0xccc ../obj/stm32f10x_adc.o
 .debug_aranges
                0x00000000      0x138 ../obj/stm32f10x_adc.o
 .debug_ranges  0x00000000      0x128 ../obj/stm32f10x_adc.o
 .debug_line    0x00000000      0x7a8 ../obj/stm32f10x_adc.o
 .debug_str     0x00000000      0x77d ../obj/stm32f10x_adc.o
 .comment       0x00000000       0x77 ../obj/stm32f10x_adc.o
 .debug_frame   0x00000000      0x5a4 ../obj/stm32f10x_adc.o
 .ARM.attributes
                0x00000000       0x2d ../obj/stm32f10x_adc.o
 .text          0x00000000        0x0 ../obj/stm32f10x_bkp.o
 .data          0x00000000        0x0 ../obj/stm32f10x_bkp.o
 .bss           0x00000000        0x0 ../obj/stm32f10x_bkp.o
 .text.BKP_DeInit
                0x00000000       0x14 ../obj/stm32f10x_bkp.o
 .text.BKP_TamperPinLevelConfig
                0x00000000       0x20 ../obj/stm32f10x_bkp.o
 .text.BKP_TamperPinCmd
                0x00000000       0x20 ../obj/stm32f10x_bkp.o
 .text.BKP_ITConfig
                0x00000000       0x20 ../obj/stm32f10x_bkp.o
 .text.BKP_RTCOutputConfig
                0x00000000       0x38 ../obj/stm32f10x_bkp.o
 .text.BKP_SetRTCCalibrationValue
                0x00000000       0x3c ../obj/stm32f10x_bkp.o
 .text.BKP_WriteBackupRegister
                0x00000000       0x38 ../obj/stm32f10x_bkp.o
 .text.BKP_ReadBackupRegister
                0x00000000       0x30 ../obj/stm32f10x_bkp.o
 .text.BKP_GetFlagStatus
                0x00000000       0x18 ../obj/stm32f10x_bkp.o
 .text.BKP_ClearFlag
                0x00000000       0x20 ../obj/stm32f10x_bkp.o
 .text.BKP_GetITStatus
                0x00000000       0x18 ../obj/stm32f10x_bkp.o
 .text.BKP_ClearITPendingBit
                0x00000000       0x20 ../obj/stm32f10x_bkp.o
 .debug_info    0x00000000      0x935 ../obj/stm32f10x_bkp.o
 .debug_abbrev  0x00000000      0x19c ../obj/stm32f10x_bkp.o
 .debug_loc     0x00000000      0x3c0 ../obj/stm32f10x_bkp.o
 .debug_aranges
                0x00000000       0x78 ../obj/stm32f10x_bkp.o
 .debug_ranges  0x00000000       0x68 ../obj/stm32f10x_bkp.o
 .debug_line    0x00000000      0x26f ../obj/stm32f10x_bkp.o
 .debug_str     0x00000000      0x637 ../obj/stm32f10x_bkp.o
 .comment       0x00000000       0x77 ../obj/stm32f10x_bkp.o
 .debug_frame   0x00000000      0x1c4 ../obj/stm32f10x_bkp.o
 .ARM.attributes
                0x00000000       0x2d ../obj/stm32f10x_bkp.o
 .text          0x00000000        0x0 ../obj/stm32f10x_can.o
 .data          0x00000000        0x0 ../obj/stm32f10x_can.o
 .bss           0x00000000        0x0 ../obj/stm32f10x_can.o
 .text.CAN_DeInit
                0x00000000       0x48 ../obj/stm32f10x_can.o
 .text.CAN_Init
                0x00000000      0x1a0 ../obj/stm32f10x_can.o
 .text.CAN_FilterInit
                0x00000000      0x184 ../obj/stm32f10x_can.o
 .text.CAN_StructInit
                0x00000000       0x54 ../obj/stm32f10x_can.o
 .text.CAN_SlaveStartBank
                0x00000000       0x60 ../obj/stm32f10x_can.o
 .text.CAN_DBGFreeze
                0x00000000       0x36 ../obj/stm32f10x_can.o
 .text.CAN_TTComModeCmd
                0x00000000       0x96 ../obj/stm32f10x_can.o
 .text.CAN_Transmit
                0x00000000      0x1a0 ../obj/stm32f10x_can.o
 .text.CAN_TransmitStatus
                0x00000000       0xe0 ../obj/stm32f10x_can.o
 .text.CAN_CancelTransmit
                0x00000000       0x50 ../obj/stm32f10x_can.o
 .text.CAN_Receive
                0x00000000      0x17a ../obj/stm32f10x_can.o
 .text.CAN_FIFORelease
                0x00000000       0x36 ../obj/stm32f10x_can.o
 .text.CAN_MessagePending
                0x00000000       0x48 ../obj/stm32f10x_can.o
 .text.CAN_OperatingModeRequest
                0x00000000       0xfa ../obj/stm32f10x_can.o
 .text.CAN_Sleep
                0x00000000       0x38 ../obj/stm32f10x_can.o
 .text.CAN_WakeUp
                0x00000000       0x54 ../obj/stm32f10x_can.o
 .text.CAN_GetLastErrorCode
                0x00000000       0x24 ../obj/stm32f10x_can.o
 .text.CAN_GetReceiveErrorCounter
                0x00000000       0x20 ../obj/stm32f10x_can.o
 .text.CAN_GetLSBTransmitErrorCounter
                0x00000000       0x20 ../obj/stm32f10x_can.o
 .text.CAN_ITConfig
                0x00000000       0x3a ../obj/stm32f10x_can.o
 .text.CAN_GetFlagStatus
                0x00000000       0xcc ../obj/stm32f10x_can.o
 .text.CAN_ClearFlag
                0x00000000       0x70 ../obj/stm32f10x_can.o
 .text.CAN_GetITStatus
                0x00000000      0x1b4 ../obj/stm32f10x_can.o
 .text.CAN_ClearITPendingBit
                0x00000000       0xf8 ../obj/stm32f10x_can.o
 .text.CheckITStatus
                0x00000000       0x2e ../obj/stm32f10x_can.o
 .debug_info    0x00000000      0xd4e ../obj/stm32f10x_can.o
 .debug_abbrev  0x00000000      0x218 ../obj/stm32f10x_can.o
 .debug_loc     0x00000000      0x8e4 ../obj/stm32f10x_can.o
 .debug_aranges
                0x00000000       0xe0 ../obj/stm32f10x_can.o
 .debug_ranges  0x00000000       0xd0 ../obj/stm32f10x_can.o
 .debug_line    0x00000000      0x9b1 ../obj/stm32f10x_can.o
 .debug_str     0x00000000      0x7b0 ../obj/stm32f10x_can.o
 .comment       0x00000000       0x77 ../obj/stm32f10x_can.o
 .debug_frame   0x00000000      0x3f4 ../obj/stm32f10x_can.o
 .ARM.attributes
                0x00000000       0x2d ../obj/stm32f10x_can.o
 .text          0x00000000        0x0 ../obj/stm32f10x_cec.o
 .data          0x00000000        0x0 ../obj/stm32f10x_cec.o
 .bss           0x00000000        0x0 ../obj/stm32f10x_cec.o
 .text.CEC_DeInit
                0x00000000       0x1c ../obj/stm32f10x_cec.o
 .text.CEC_Init
                0x00000000       0x40 ../obj/stm32f10x_cec.o
 .text.CEC_Cmd  0x00000000       0x38 ../obj/stm32f10x_cec.o
 .text.CEC_ITConfig
                0x00000000       0x20 ../obj/stm32f10x_cec.o
 .text.CEC_OwnAddressConfig
                0x00000000       0x20 ../obj/stm32f10x_cec.o
 .text.CEC_SetPrescaler
                0x00000000       0x20 ../obj/stm32f10x_cec.o
 .text.CEC_SendDataByte
                0x00000000       0x20 ../obj/stm32f10x_cec.o
 .text.CEC_ReceiveDataByte
                0x00000000       0x18 ../obj/stm32f10x_cec.o
 .text.CEC_StartOfMessage
                0x00000000       0x18 ../obj/stm32f10x_cec.o
 .text.CEC_EndOfMessageCmd
                0x00000000       0x20 ../obj/stm32f10x_cec.o
 .text.CEC_GetFlagStatus
                0x00000000       0x68 ../obj/stm32f10x_cec.o
 .text.CEC_ClearFlag
                0x00000000       0x3c ../obj/stm32f10x_cec.o
 .text.CEC_GetITStatus
                0x00000000       0x48 ../obj/stm32f10x_cec.o
 .text.CEC_ClearITPendingBit
                0x00000000       0x3c ../obj/stm32f10x_cec.o
 .debug_info    0x00000000      0x4b3 ../obj/stm32f10x_cec.o
 .debug_abbrev  0x00000000      0x1f1 ../obj/stm32f10x_cec.o
 .debug_loc     0x00000000      0x4a8 ../obj/stm32f10x_cec.o
 .debug_aranges
                0x00000000       0x88 ../obj/stm32f10x_cec.o
 .debug_ranges  0x00000000       0x78 ../obj/stm32f10x_cec.o
 .debug_line    0x00000000      0x34c ../obj/stm32f10x_cec.o
 .debug_str     0x00000000      0x3f8 ../obj/stm32f10x_cec.o
 .comment       0x00000000       0x77 ../obj/stm32f10x_cec.o
 .debug_frame   0x00000000      0x224 ../obj/stm32f10x_cec.o
 .ARM.attributes
                0x00000000       0x2d ../obj/stm32f10x_cec.o
 .text          0x00000000        0x0 ../obj/stm32f10x_crc.o
 .data          0x00000000        0x0 ../obj/stm32f10x_crc.o
 .bss           0x00000000        0x0 ../obj/stm32f10x_crc.o
 .text.CRC_ResetDR
                0x00000000       0x18 ../obj/stm32f10x_crc.o
 .text.CRC_CalcCRC
                0x00000000       0x20 ../obj/stm32f10x_crc.o
 .text.CRC_CalcBlockCRC
                0x00000000       0x44 ../obj/stm32f10x_crc.o
 .text.CRC_GetCRC
                0x00000000       0x14 ../obj/stm32f10x_crc.o
 .text.CRC_SetIDRegister
                0x00000000       0x20 ../obj/stm32f10x_crc.o
 .text.CRC_GetIDRegister
                0x00000000       0x18 ../obj/stm32f10x_crc.o
 .debug_info    0x00000000      0x244 ../obj/stm32f10x_crc.o
 .debug_abbrev  0x00000000      0x143 ../obj/stm32f10x_crc.o
 .debug_loc     0x00000000      0x1e0 ../obj/stm32f10x_crc.o
 .debug_aranges
                0x00000000       0x48 ../obj/stm32f10x_crc.o
 .debug_ranges  0x00000000       0x38 ../obj/stm32f10x_crc.o
 .debug_line    0x00000000      0x1d8 ../obj/stm32f10x_crc.o
 .debug_str     0x00000000      0x2bd ../obj/stm32f10x_crc.o
 .comment       0x00000000       0x77 ../obj/stm32f10x_crc.o
 .debug_frame   0x00000000       0xe8 ../obj/stm32f10x_crc.o
 .ARM.attributes
                0x00000000       0x2d ../obj/stm32f10x_crc.o
 .text          0x00000000        0x0 ../obj/stm32f10x_dac.o
 .data          0x00000000        0x0 ../obj/stm32f10x_dac.o
 .bss           0x00000000        0x0 ../obj/stm32f10x_dac.o
 .text.DAC_DeInit
                0x00000000       0x1c ../obj/stm32f10x_dac.o
 .text.DAC_Init
                0x00000000       0x64 ../obj/stm32f10x_dac.o
 .text.DAC_StructInit
                0x00000000       0x2a ../obj/stm32f10x_dac.o
 .text.DAC_Cmd  0x00000000       0x48 ../obj/stm32f10x_dac.o
 .text.DAC_DMACmd
                0x00000000       0x4c ../obj/stm32f10x_dac.o
 .text.DAC_SoftwareTriggerCmd
                0x00000000       0x4c ../obj/stm32f10x_dac.o
 .text.DAC_DualSoftwareTriggerCmd
                0x00000000       0x38 ../obj/stm32f10x_dac.o
 .text.DAC_WaveGenerationCmd
                0x00000000       0x4c ../obj/stm32f10x_dac.o
 .text.DAC_SetChannel1Data
                0x00000000       0x34 ../obj/stm32f10x_dac.o
 .text.DAC_SetChannel2Data
                0x00000000       0x34 ../obj/stm32f10x_dac.o
 .text.DAC_SetDualChannelData
                0x00000000       0x58 ../obj/stm32f10x_dac.o
 .text.DAC_GetDataOutputValue
                0x00000000       0x30 ../obj/stm32f10x_dac.o
 .debug_info    0x00000000      0x554 ../obj/stm32f10x_dac.o
 .debug_abbrev  0x00000000      0x1b2 ../obj/stm32f10x_dac.o
 .debug_loc     0x00000000      0x420 ../obj/stm32f10x_dac.o
 .debug_aranges
                0x00000000       0x78 ../obj/stm32f10x_dac.o
 .debug_ranges  0x00000000       0x68 ../obj/stm32f10x_dac.o
 .debug_line    0x00000000      0x34b ../obj/stm32f10x_dac.o
 .debug_str     0x00000000      0x431 ../obj/stm32f10x_dac.o
 .comment       0x00000000       0x77 ../obj/stm32f10x_dac.o
 .debug_frame   0x00000000      0x1e4 ../obj/stm32f10x_dac.o
 .ARM.attributes
                0x00000000       0x2d ../obj/stm32f10x_dac.o
 .text          0x00000000        0x0 ../obj/stm32f10x_dbgmcu.o
 .data          0x00000000        0x0 ../obj/stm32f10x_dbgmcu.o
 .bss           0x00000000        0x0 ../obj/stm32f10x_dbgmcu.o
 .text.DBGMCU_GetREVID
                0x00000000       0x18 ../obj/stm32f10x_dbgmcu.o
 .text.DBGMCU_GetDEVID
                0x00000000       0x18 ../obj/stm32f10x_dbgmcu.o
 .text.DBGMCU_Config
                0x00000000       0x3c ../obj/stm32f10x_dbgmcu.o
 .debug_info    0x00000000      0x17f ../obj/stm32f10x_dbgmcu.o
 .debug_abbrev  0x00000000      0x10d ../obj/stm32f10x_dbgmcu.o
 .debug_loc     0x00000000       0xe4 ../obj/stm32f10x_dbgmcu.o
 .debug_aranges
                0x00000000       0x30 ../obj/stm32f10x_dbgmcu.o
 .debug_ranges  0x00000000       0x20 ../obj/stm32f10x_dbgmcu.o
 .debug_line    0x00000000      0x169 ../obj/stm32f10x_dbgmcu.o
 .debug_str     0x00000000      0x274 ../obj/stm32f10x_dbgmcu.o
 .comment       0x00000000       0x77 ../obj/stm32f10x_dbgmcu.o
 .debug_frame   0x00000000       0x78 ../obj/stm32f10x_dbgmcu.o
 .ARM.attributes
                0x00000000       0x2d ../obj/stm32f10x_dbgmcu.o
 .text          0x00000000        0x0 ../obj/stm32f10x_dma.o
 .data          0x00000000        0x0 ../obj/stm32f10x_dma.o
 .bss           0x00000000        0x0 ../obj/stm32f10x_dma.o
 .text.DMA_DeInit
                0x00000000      0x178 ../obj/stm32f10x_dma.o
 .text.DMA_Init
                0x00000000       0x7c ../obj/stm32f10x_dma.o
 .text.DMA_StructInit
                0x00000000       0x54 ../obj/stm32f10x_dma.o
 .text.DMA_Cmd  0x00000000       0x38 ../obj/stm32f10x_dma.o
 .text.DMA_ITConfig
                0x00000000       0x3a ../obj/stm32f10x_dma.o
 .text.DMA_SetCurrDataCounter
                0x00000000       0x1c ../obj/stm32f10x_dma.o
 .text.DMA_GetCurrDataCounter
                0x00000000       0x18 ../obj/stm32f10x_dma.o
 .text.DMA_GetFlagStatus
                0x00000000       0x50 ../obj/stm32f10x_dma.o
 .text.DMA_ClearFlag
                0x00000000       0x34 ../obj/stm32f10x_dma.o
 .text.DMA_GetITStatus
                0x00000000       0x50 ../obj/stm32f10x_dma.o
 .text.DMA_ClearITPendingBit
                0x00000000       0x34 ../obj/stm32f10x_dma.o
 .debug_info    0x00000000      0x50e ../obj/stm32f10x_dma.o
 .debug_abbrev  0x00000000      0x1aa ../obj/stm32f10x_dma.o
 .debug_loc     0x00000000      0x3f4 ../obj/stm32f10x_dma.o
 .debug_aranges
                0x00000000       0x70 ../obj/stm32f10x_dma.o
 .debug_ranges  0x00000000       0x60 ../obj/stm32f10x_dma.o
 .debug_line    0x00000000      0x3c6 ../obj/stm32f10x_dma.o
 .debug_str     0x00000000      0x439 ../obj/stm32f10x_dma.o
 .comment       0x00000000       0x77 ../obj/stm32f10x_dma.o
 .debug_frame   0x00000000      0x1c8 ../obj/stm32f10x_dma.o
 .ARM.attributes
                0x00000000       0x2d ../obj/stm32f10x_dma.o
 .text          0x00000000        0x0 ../obj/stm32f10x_exti.o
 .data          0x00000000        0x0 ../obj/stm32f10x_exti.o
 .bss           0x00000000        0x0 ../obj/stm32f10x_exti.o
 .text.EXTI_DeInit
                0x00000000       0x34 ../obj/stm32f10x_exti.o
 .text.EXTI_Init
                0x00000000       0xe4 ../obj/stm32f10x_exti.o
 .text.EXTI_StructInit
                0x00000000       0x2a ../obj/stm32f10x_exti.o
 .text.EXTI_GenerateSWInterrupt
                0x00000000       0x24 ../obj/stm32f10x_exti.o
 .text.EXTI_GetFlagStatus
                0x00000000       0x34 ../obj/stm32f10x_exti.o
 .text.EXTI_ClearFlag
                0x00000000       0x1c ../obj/stm32f10x_exti.o
 .text.EXTI_GetITStatus
                0x00000000       0x48 ../obj/stm32f10x_exti.o
 .text.EXTI_ClearITPendingBit
                0x00000000       0x1c ../obj/stm32f10x_exti.o
 .debug_info    0x00000000      0x3b9 ../obj/stm32f10x_exti.o
 .debug_abbrev  0x00000000      0x190 ../obj/stm32f10x_exti.o
 .debug_loc     0x00000000      0x2c8 ../obj/stm32f10x_exti.o
 .debug_aranges
                0x00000000       0x58 ../obj/stm32f10x_exti.o
 .debug_ranges  0x00000000       0x48 ../obj/stm32f10x_exti.o
 .debug_line    0x00000000      0x2d3 ../obj/stm32f10x_exti.o
 .debug_str     0x00000000      0x3cb ../obj/stm32f10x_exti.o
 .comment       0x00000000       0x77 ../obj/stm32f10x_exti.o
 .debug_frame   0x00000000      0x148 ../obj/stm32f10x_exti.o
 .ARM.attributes
                0x00000000       0x2d ../obj/stm32f10x_exti.o
 .text          0x00000000        0x0 ../obj/stm32f10x_flash.o
 .data          0x00000000        0x0 ../obj/stm32f10x_flash.o
 .bss           0x00000000        0x0 ../obj/stm32f10x_flash.o
 .text.FLASH_SetLatency
                0x00000000       0x38 ../obj/stm32f10x_flash.o
 .text.FLASH_HalfCycleAccessCmd
                0x00000000       0x30 ../obj/stm32f10x_flash.o
 .text.FLASH_PrefetchBufferCmd
                0x00000000       0x30 ../obj/stm32f10x_flash.o
 .text.FLASH_Unlock
                0x00000000       0x24 ../obj/stm32f10x_flash.o
 .text.FLASH_UnlockBank1
                0x00000000       0x24 ../obj/stm32f10x_flash.o
 .text.FLASH_Lock
                0x00000000       0x1c ../obj/stm32f10x_flash.o
 .text.FLASH_LockBank1
                0x00000000       0x1c ../obj/stm32f10x_flash.o
 .text.FLASH_ErasePage
                0x00000000       0x64 ../obj/stm32f10x_flash.o
 .text.FLASH_EraseAllPages
                0x00000000       0x5c ../obj/stm32f10x_flash.o
 .text.FLASH_EraseAllBank1Pages
                0x00000000       0x5c ../obj/stm32f10x_flash.o
 .text.FLASH_EraseOptionBytes
                0x00000000       0xd4 ../obj/stm32f10x_flash.o
 .text.FLASH_ProgramWord
                0x00000000       0x94 ../obj/stm32f10x_flash.o
 .text.FLASH_ProgramHalfWord
                0x00000000       0x5c ../obj/stm32f10x_flash.o
 .text.FLASH_ProgramOptionByteData
                0x00000000       0x78 ../obj/stm32f10x_flash.o
 .text.FLASH_EnableWriteProtection
                0x00000000      0x118 ../obj/stm32f10x_flash.o
 .text.FLASH_ReadOutProtection
                0x00000000       0xd4 ../obj/stm32f10x_flash.o
 .text.FLASH_UserOptionByteConfig
                0x00000000       0x94 ../obj/stm32f10x_flash.o
 .text.FLASH_GetUserOptionByte
                0x00000000       0x18 ../obj/stm32f10x_flash.o
 .text.FLASH_GetWriteProtectionOptionByte
                0x00000000       0x14 ../obj/stm32f10x_flash.o
 .text.FLASH_GetReadOutProtectionStatus
                0x00000000       0x30 ../obj/stm32f10x_flash.o
 .text.FLASH_GetPrefetchBufferStatus
                0x00000000       0x30 ../obj/stm32f10x_flash.o
 .text.FLASH_ITConfig
                0x00000000       0x3c ../obj/stm32f10x_flash.o
 .text.FLASH_GetFlagStatus
                0x00000000       0x50 ../obj/stm32f10x_flash.o
 .text.FLASH_ClearFlag
                0x00000000       0x1c ../obj/stm32f10x_flash.o
 .text.FLASH_GetStatus
                0x00000000       0x54 ../obj/stm32f10x_flash.o
 .text.FLASH_GetBank1Status
                0x00000000       0x54 ../obj/stm32f10x_flash.o
 .text.FLASH_WaitForLastOperation
                0x00000000       0x44 ../obj/stm32f10x_flash.o
 .text.FLASH_WaitForLastBank1Operation
                0x00000000       0x44 ../obj/stm32f10x_flash.o
 .debug_info    0x00000000      0x8d0 ../obj/stm32f10x_flash.o
 .debug_abbrev  0x00000000      0x1cc ../obj/stm32f10x_flash.o
 .debug_loc     0x00000000      0x8f0 ../obj/stm32f10x_flash.o
 .debug_aranges
                0x00000000       0xf8 ../obj/stm32f10x_flash.o
 .debug_ranges  0x00000000       0xe8 ../obj/stm32f10x_flash.o
 .debug_line    0x00000000      0x6d1 ../obj/stm32f10x_flash.o
 .debug_str     0x00000000      0x66a ../obj/stm32f10x_flash.o
 .comment       0x00000000       0x77 ../obj/stm32f10x_flash.o
 .debug_frame   0x00000000      0x410 ../obj/stm32f10x_flash.o
 .ARM.attributes
                0x00000000       0x2d ../obj/stm32f10x_flash.o
 .text          0x00000000        0x0 ../obj/stm32f10x_fsmc.o
 .data          0x00000000        0x0 ../obj/stm32f10x_fsmc.o
 .bss           0x00000000        0x0 ../obj/stm32f10x_fsmc.o
 .text.FSMC_NORSRAMDeInit
                0x00000000       0x58 ../obj/stm32f10x_fsmc.o
 .text.FSMC_NANDDeInit
                0x00000000       0x5c ../obj/stm32f10x_fsmc.o
 .text.FSMC_PCCARDDeInit
                0x00000000       0x34 ../obj/stm32f10x_fsmc.o
 .text.FSMC_NORSRAMInit
                0x00000000      0x13c ../obj/stm32f10x_fsmc.o
 .text.FSMC_NANDInit
                0x00000000       0xcc ../obj/stm32f10x_fsmc.o
 .text.FSMC_PCCARDInit
                0x00000000       0xac ../obj/stm32f10x_fsmc.o
 .text.FSMC_NORSRAMStructInit
                0x00000000       0xd4 ../obj/stm32f10x_fsmc.o
 .text.FSMC_NANDStructInit
                0x00000000       0x7c ../obj/stm32f10x_fsmc.o
 .text.FSMC_PCCARDStructInit
                0x00000000       0x84 ../obj/stm32f10x_fsmc.o
 .text.FSMC_NORSRAMCmd
                0x00000000       0x54 ../obj/stm32f10x_fsmc.o
 .text.FSMC_NANDCmd
                0x00000000       0x6c ../obj/stm32f10x_fsmc.o
 .text.FSMC_PCCARDCmd
                0x00000000       0x3c ../obj/stm32f10x_fsmc.o
 .text.FSMC_NANDECCCmd
                0x00000000       0x6c ../obj/stm32f10x_fsmc.o
 .text.FSMC_GetECC
                0x00000000       0x34 ../obj/stm32f10x_fsmc.o
 .text.FSMC_ITConfig
                0x00000000       0xa0 ../obj/stm32f10x_fsmc.o
 .text.FSMC_GetFlagStatus
                0x00000000       0x64 ../obj/stm32f10x_fsmc.o
 .text.FSMC_ClearFlag
                0x00000000       0x5c ../obj/stm32f10x_fsmc.o
 .text.FSMC_GetITStatus
                0x00000000       0x80 ../obj/stm32f10x_fsmc.o
 .text.FSMC_ClearITPendingBit
                0x00000000       0x64 ../obj/stm32f10x_fsmc.o
 .debug_info    0x00000000      0xa5e ../obj/stm32f10x_fsmc.o
 .debug_abbrev  0x00000000      0x1c5 ../obj/stm32f10x_fsmc.o
 .debug_loc     0x00000000      0x6bc ../obj/stm32f10x_fsmc.o
 .debug_aranges
                0x00000000       0xb0 ../obj/stm32f10x_fsmc.o
 .debug_ranges  0x00000000       0xa0 ../obj/stm32f10x_fsmc.o
 .debug_line    0x00000000      0x86a ../obj/stm32f10x_fsmc.o
 .debug_str     0x00000000      0x7fc ../obj/stm32f10x_fsmc.o
 .comment       0x00000000       0x77 ../obj/stm32f10x_fsmc.o
 .debug_frame   0x00000000      0x300 ../obj/stm32f10x_fsmc.o
 .ARM.attributes
                0x00000000       0x2d ../obj/stm32f10x_fsmc.o
 .text          0x00000000        0x0 ../obj/stm32f10x_gpio.o
 .data          0x00000000        0x0 ../obj/stm32f10x_gpio.o
 .bss           0x00000000        0x0 ../obj/stm32f10x_gpio.o
 .text.GPIO_DeInit
                0x00000000       0xe4 ../obj/stm32f10x_gpio.o
 .text.GPIO_AFIODeInit
                0x00000000       0x18 ../obj/stm32f10x_gpio.o
 .text.GPIO_StructInit
                0x00000000       0x26 ../obj/stm32f10x_gpio.o
 .text.GPIO_ReadInputDataBit
                0x00000000       0x32 ../obj/stm32f10x_gpio.o
 .text.GPIO_ReadInputData
                0x00000000       0x18 ../obj/stm32f10x_gpio.o
 .text.GPIO_ReadOutputDataBit
                0x00000000       0x32 ../obj/stm32f10x_gpio.o
 .text.GPIO_ReadOutputData
                0x00000000       0x18 ../obj/stm32f10x_gpio.o
 .text.GPIO_WriteBit
                0x00000000       0x2e ../obj/stm32f10x_gpio.o
 .text.GPIO_Write
                0x00000000       0x1c ../obj/stm32f10x_gpio.o
 .text.GPIO_PinLockConfig
                0x00000000       0x42 ../obj/stm32f10x_gpio.o
 .text.GPIO_EventOutputConfig
                0x00000000       0x4c ../obj/stm32f10x_gpio.o
 .text.GPIO_EventOutputCmd
                0x00000000       0x20 ../obj/stm32f10x_gpio.o
 .text.GPIO_PinRemapConfig
                0x00000000       0xe0 ../obj/stm32f10x_gpio.o
 .text.GPIO_EXTILineConfig
                0x00000000       0x80 ../obj/stm32f10x_gpio.o
 .text.GPIO_ETH_MediaInterfaceConfig
                0x00000000       0x1c ../obj/stm32f10x_gpio.o
 .text          0x00000000        0x0 ../obj/stm32f10x_i2c.o
 .data          0x00000000        0x0 ../obj/stm32f10x_i2c.o
 .bss           0x00000000        0x0 ../obj/stm32f10x_i2c.o
 .text.I2C_DeInit
                0x00000000       0x48 ../obj/stm32f10x_i2c.o
 .text.I2C_Init
                0x00000000      0x184 ../obj/stm32f10x_i2c.o
 .text.I2C_StructInit
                0x00000000       0x3c ../obj/stm32f10x_i2c.o
 .text.I2C_Cmd  0x00000000       0x3e ../obj/stm32f10x_i2c.o
 .text.I2C_DMACmd
                0x00000000       0x3e ../obj/stm32f10x_i2c.o
 .text.I2C_DMALastTransferCmd
                0x00000000       0x3e ../obj/stm32f10x_i2c.o
 .text.I2C_GenerateSTART
                0x00000000       0x3e ../obj/stm32f10x_i2c.o
 .text.I2C_GenerateSTOP
                0x00000000       0x3e ../obj/stm32f10x_i2c.o
 .text.I2C_AcknowledgeConfig
                0x00000000       0x3e ../obj/stm32f10x_i2c.o
 .text.I2C_OwnAddress2Config
                0x00000000       0x42 ../obj/stm32f10x_i2c.o
 .text.I2C_DualAddressCmd
                0x00000000       0x3e ../obj/stm32f10x_i2c.o
 .text.I2C_GeneralCallCmd
                0x00000000       0x3e ../obj/stm32f10x_i2c.o
 .text.I2C_ITConfig
                0x00000000       0x46 ../obj/stm32f10x_i2c.o
 .text.I2C_SendData
                0x00000000       0x1e ../obj/stm32f10x_i2c.o
 .text.I2C_ReceiveData
                0x00000000       0x1a ../obj/stm32f10x_i2c.o
 .text.I2C_Send7bitAddress
                0x00000000       0x3a ../obj/stm32f10x_i2c.o
 .text.I2C_ReadRegister
                0x00000000       0x2c ../obj/stm32f10x_i2c.o
 .text.I2C_SoftwareResetCmd
                0x00000000       0x42 ../obj/stm32f10x_i2c.o
 .text.I2C_NACKPositionConfig
                0x00000000       0x40 ../obj/stm32f10x_i2c.o
 .text.I2C_SMBusAlertConfig
                0x00000000       0x40 ../obj/stm32f10x_i2c.o
 .text.I2C_TransmitPEC
                0x00000000       0x3e ../obj/stm32f10x_i2c.o
 .text.I2C_PECPositionConfig
                0x00000000       0x40 ../obj/stm32f10x_i2c.o
 .text.I2C_CalculatePEC
                0x00000000       0x3e ../obj/stm32f10x_i2c.o
 .text.I2C_GetPEC
                0x00000000       0x1e ../obj/stm32f10x_i2c.o
 .text.I2C_ARPCmd
                0x00000000       0x3e ../obj/stm32f10x_i2c.o
 .text.I2C_StretchClockCmd
                0x00000000       0x3e ../obj/stm32f10x_i2c.o
 .text.I2C_FastModeDutyCycleConfig
                0x00000000       0x40 ../obj/stm32f10x_i2c.o
 .text.I2C_CheckEvent
                0x00000000       0x5e ../obj/stm32f10x_i2c.o
 .text.I2C_GetLastEvent
                0x00000000       0x42 ../obj/stm32f10x_i2c.o
 .text.I2C_GetFlagStatus
                0x00000000       0x64 ../obj/stm32f10x_i2c.o
 .text.I2C_ClearFlag
                0x00000000       0x2c ../obj/stm32f10x_i2c.o
 .text.I2C_GetITStatus
                0x00000000       0x58 ../obj/stm32f10x_i2c.o
 .text.I2C_ClearITPendingBit
                0x00000000       0x2c ../obj/stm32f10x_i2c.o
 .debug_info    0x00000000      0xc8b ../obj/stm32f10x_i2c.o
 .debug_abbrev  0x00000000      0x1bb ../obj/stm32f10x_i2c.o
 .debug_loc     0x00000000      0xbc4 ../obj/stm32f10x_i2c.o
 .debug_aranges
                0x00000000      0x120 ../obj/stm32f10x_i2c.o
 .debug_ranges  0x00000000      0x110 ../obj/stm32f10x_i2c.o
 .debug_line    0x00000000      0x68f ../obj/stm32f10x_i2c.o
 .debug_str     0x00000000      0x6e8 ../obj/stm32f10x_i2c.o
 .comment       0x00000000       0x77 ../obj/stm32f10x_i2c.o
 .debug_frame   0x00000000      0x530 ../obj/stm32f10x_i2c.o
 .ARM.attributes
                0x00000000       0x2d ../obj/stm32f10x_i2c.o
 .text          0x00000000        0x0 ../obj/stm32f10x_iwdg.o
 .data          0x00000000        0x0 ../obj/stm32f10x_iwdg.o
 .bss           0x00000000        0x0 ../obj/stm32f10x_iwdg.o
 .text.IWDG_WriteAccessCmd
                0x00000000       0x20 ../obj/stm32f10x_iwdg.o
 .text.IWDG_SetPrescaler
                0x00000000       0x20 ../obj/stm32f10x_iwdg.o
 .text.IWDG_SetReload
                0x00000000       0x20 ../obj/stm32f10x_iwdg.o
 .text.IWDG_ReloadCounter
                0x00000000       0x18 ../obj/stm32f10x_iwdg.o
 .text.IWDG_Enable
                0x00000000       0x18 ../obj/stm32f10x_iwdg.o
 .text.IWDG_GetFlagStatus
                0x00000000       0x34 ../obj/stm32f10x_iwdg.o
 .debug_info    0x00000000      0x246 ../obj/stm32f10x_iwdg.o
 .debug_abbrev  0x00000000      0x14c ../obj/stm32f10x_iwdg.o
 .debug_loc     0x00000000      0x1f8 ../obj/stm32f10x_iwdg.o
 .debug_aranges
                0x00000000       0x48 ../obj/stm32f10x_iwdg.o
 .debug_ranges  0x00000000       0x38 ../obj/stm32f10x_iwdg.o
 .debug_line    0x00000000      0x1b9 ../obj/stm32f10x_iwdg.o
 .debug_str     0x00000000      0x2de ../obj/stm32f10x_iwdg.o
 .comment       0x00000000       0x77 ../obj/stm32f10x_iwdg.o
 .debug_frame   0x00000000       0xf0 ../obj/stm32f10x_iwdg.o
 .ARM.attributes
                0x00000000       0x2d ../obj/stm32f10x_iwdg.o
 .text          0x00000000        0x0 ../obj/stm32f10x_pwr.o
 .data          0x00000000        0x0 ../obj/stm32f10x_pwr.o
 .bss           0x00000000        0x0 ../obj/stm32f10x_pwr.o
 .text.__WFI    0x00000000        0xe ../obj/stm32f10x_pwr.o
 .text.__WFE    0x00000000        0xe ../obj/stm32f10x_pwr.o
 .text.PWR_DeInit
                0x00000000       0x1c ../obj/stm32f10x_pwr.o
 .text.PWR_BackupAccessCmd
                0x00000000       0x20 ../obj/stm32f10x_pwr.o
 .text.PWR_PVDCmd
                0x00000000       0x20 ../obj/stm32f10x_pwr.o
 .text.PWR_PVDLevelConfig
                0x00000000       0x38 ../obj/stm32f10x_pwr.o
 .text.PWR_WakeUpPinCmd
                0x00000000       0x20 ../obj/stm32f10x_pwr.o
 .text.PWR_EnterSTOPMode
                0x00000000       0x64 ../obj/stm32f10x_pwr.o
 .text.PWR_EnterSTANDBYMode
                0x00000000       0x38 ../obj/stm32f10x_pwr.o
 .text.PWR_GetFlagStatus
                0x00000000       0x34 ../obj/stm32f10x_pwr.o
 .text.PWR_ClearFlag
                0x00000000       0x24 ../obj/stm32f10x_pwr.o
 .debug_info    0x00000000      0x4d4 ../obj/stm32f10x_pwr.o
 .debug_abbrev  0x00000000      0x1ec ../obj/stm32f10x_pwr.o
 .debug_loc     0x00000000      0x358 ../obj/stm32f10x_pwr.o
 .debug_aranges
                0x00000000       0x70 ../obj/stm32f10x_pwr.o
 .debug_ranges  0x00000000       0x60 ../obj/stm32f10x_pwr.o
 .debug_line    0x00000000      0x27a ../obj/stm32f10x_pwr.o
 .debug_str     0x00000000      0x394 ../obj/stm32f10x_pwr.o
 .comment       0x00000000       0x77 ../obj/stm32f10x_pwr.o
 .debug_frame   0x00000000      0x19c ../obj/stm32f10x_pwr.o
 .ARM.attributes
                0x00000000       0x2d ../obj/stm32f10x_pwr.o
 .text          0x00000000        0x0 ../obj/stm32f10x_rcc.o
 .data          0x00000000        0x0 ../obj/stm32f10x_rcc.o
 .bss           0x00000000        0x0 ../obj/stm32f10x_rcc.o
 .data.APBAHBPrescTable
                0x00000000       0x10 ../obj/stm32f10x_rcc.o
 .data.ADCPrescTable
                0x00000000        0x4 ../obj/stm32f10x_rcc.o
 .text.RCC_DeInit
                0x00000000       0x5c ../obj/stm32f10x_rcc.o
 .text.RCC_HSEConfig
                0x00000000       0x5c ../obj/stm32f10x_rcc.o
 .text.RCC_WaitForHSEStartUp
                0x00000000       0x50 ../obj/stm32f10x_rcc.o
 .text.RCC_AdjustHSICalibrationValue
                0x00000000       0x3c ../obj/stm32f10x_rcc.o
 .text.RCC_HSICmd
                0x00000000       0x20 ../obj/stm32f10x_rcc.o
 .text.RCC_PLLConfig
                0x00000000       0x3c ../obj/stm32f10x_rcc.o
 .text.RCC_PLLCmd
                0x00000000       0x20 ../obj/stm32f10x_rcc.o
 .text.RCC_SYSCLKConfig
                0x00000000       0x38 ../obj/stm32f10x_rcc.o
 .text.RCC_GetSYSCLKSource
                0x00000000       0x1c ../obj/stm32f10x_rcc.o
 .text.RCC_HCLKConfig
                0x00000000       0x38 ../obj/stm32f10x_rcc.o
 .text.RCC_PCLK1Config
                0x00000000       0x38 ../obj/stm32f10x_rcc.o
 .text.RCC_PCLK2Config
                0x00000000       0x38 ../obj/stm32f10x_rcc.o
 .text.RCC_ITConfig
                0x00000000       0x4c ../obj/stm32f10x_rcc.o
 .text.RCC_USBCLKConfig
                0x00000000       0x1c ../obj/stm32f10x_rcc.o
 .text.RCC_ADCCLKConfig
                0x00000000       0x38 ../obj/stm32f10x_rcc.o
 .text.RCC_LSEConfig
                0x00000000       0x40 ../obj/stm32f10x_rcc.o
 .text.RCC_LSICmd
                0x00000000       0x20 ../obj/stm32f10x_rcc.o
 .text.RCC_RTCCLKConfig
                0x00000000       0x24 ../obj/stm32f10x_rcc.o
 .text.RCC_RTCCLKCmd
                0x00000000       0x20 ../obj/stm32f10x_rcc.o
 .text.RCC_GetClocksFreq
                0x00000000      0x164 ../obj/stm32f10x_rcc.o
 .text.RCC_AHBPeriphClockCmd
                0x00000000       0x3c ../obj/stm32f10x_rcc.o
 .text.RCC_APB1PeriphClockCmd
                0x00000000       0x3c ../obj/stm32f10x_rcc.o
 .text.RCC_APB2PeriphResetCmd
                0x00000000       0x3c ../obj/stm32f10x_rcc.o
 .text.RCC_APB1PeriphResetCmd
                0x00000000       0x3c ../obj/stm32f10x_rcc.o
 .text.RCC_BackupResetCmd
                0x00000000       0x20 ../obj/stm32f10x_rcc.o
 .text.RCC_ClockSecuritySystemCmd
                0x00000000       0x20 ../obj/stm32f10x_rcc.o
 .text.RCC_MCOConfig
                0x00000000       0x20 ../obj/stm32f10x_rcc.o
 .text.RCC_GetFlagStatus
                0x00000000       0x74 ../obj/stm32f10x_rcc.o
 .text.RCC_ClearFlag
                0x00000000       0x1c ../obj/stm32f10x_rcc.o
 .text.RCC_GetITStatus
                0x00000000       0x34 ../obj/stm32f10x_rcc.o
 .text.RCC_ClearITPendingBit
                0x00000000       0x20 ../obj/stm32f10x_rcc.o
 .text          0x00000000        0x0 ../obj/stm32f10x_rtc.o
 .data          0x00000000        0x0 ../obj/stm32f10x_rtc.o
 .bss           0x00000000        0x0 ../obj/stm32f10x_rtc.o
 .text.RTC_ITConfig
                0x00000000       0x4c ../obj/stm32f10x_rtc.o
 .text.RTC_EnterConfigMode
                0x00000000       0x20 ../obj/stm32f10x_rtc.o
 .text.RTC_ExitConfigMode
                0x00000000       0x20 ../obj/stm32f10x_rtc.o
 .text.RTC_GetCounter
                0x00000000       0x2c ../obj/stm32f10x_rtc.o
 .text.RTC_SetCounter
                0x00000000       0x30 ../obj/stm32f10x_rtc.o
 .text.RTC_SetPrescaler
                0x00000000       0x34 ../obj/stm32f10x_rtc.o
 .text.RTC_SetAlarm
                0x00000000       0x30 ../obj/stm32f10x_rtc.o
 .text.RTC_GetDivider
                0x00000000       0x38 ../obj/stm32f10x_rtc.o
 .text.RTC_WaitForLastTask
                0x00000000       0x20 ../obj/stm32f10x_rtc.o
 .text.RTC_WaitForSynchro
                0x00000000       0x30 ../obj/stm32f10x_rtc.o
 .text.RTC_GetFlagStatus
                0x00000000       0x38 ../obj/stm32f10x_rtc.o
 .text.RTC_ClearFlag
                0x00000000       0x2c ../obj/stm32f10x_rtc.o
 .text.RTC_GetITStatus
                0x00000000       0x50 ../obj/stm32f10x_rtc.o
 .text.RTC_ClearITPendingBit
                0x00000000       0x2c ../obj/stm32f10x_rtc.o
 .debug_info    0x00000000      0x4e0 ../obj/stm32f10x_rtc.o
 .debug_abbrev  0x00000000      0x1ca ../obj/stm32f10x_rtc.o
 .debug_loc     0x00000000      0x484 ../obj/stm32f10x_rtc.o
 .debug_aranges
                0x00000000       0x88 ../obj/stm32f10x_rtc.o
 .debug_ranges  0x00000000       0x78 ../obj/stm32f10x_rtc.o
 .debug_line    0x00000000      0x329 ../obj/stm32f10x_rtc.o
 .debug_str     0x00000000      0x424 ../obj/stm32f10x_rtc.o
 .comment       0x00000000       0x77 ../obj/stm32f10x_rtc.o
 .debug_frame   0x00000000      0x214 ../obj/stm32f10x_rtc.o
 .ARM.attributes
                0x00000000       0x2d ../obj/stm32f10x_rtc.o
 .text          0x00000000        0x0 ../obj/stm32f10x_sdio.o
 .data          0x00000000        0x0 ../obj/stm32f10x_sdio.o
 .bss           0x00000000        0x0 ../obj/stm32f10x_sdio.o
 .text.SDIO_DeInit
                0x00000000       0x4c ../obj/stm32f10x_sdio.o
 .text.SDIO_Init
                0x00000000       0x5c ../obj/stm32f10x_sdio.o
 .text.SDIO_StructInit
                0x00000000       0x36 ../obj/stm32f10x_sdio.o
 .text.SDIO_ClockCmd
                0x00000000       0x20 ../obj/stm32f10x_sdio.o
 .text.SDIO_SetPowerState
                0x00000000       0x30 ../obj/stm32f10x_sdio.o
 .text.SDIO_GetPowerState
                0x00000000       0x18 ../obj/stm32f10x_sdio.o
 .text.SDIO_ITConfig
                0x00000000       0x3c ../obj/stm32f10x_sdio.o
 .text.SDIO_DMACmd
                0x00000000       0x20 ../obj/stm32f10x_sdio.o
 .text.SDIO_SendCommand
                0x00000000       0x58 ../obj/stm32f10x_sdio.o
 .text.SDIO_CmdStructInit
                0x00000000       0x30 ../obj/stm32f10x_sdio.o
 .text.SDIO_GetCommandResponse
                0x00000000       0x18 ../obj/stm32f10x_sdio.o
 .text.SDIO_GetResponse
                0x00000000       0x28 ../obj/stm32f10x_sdio.o
 .text.SDIO_DataConfig
                0x00000000       0x5c ../obj/stm32f10x_sdio.o
 .text.SDIO_DataStructInit
                0x00000000       0x38 ../obj/stm32f10x_sdio.o
 .text.SDIO_GetDataCounter
                0x00000000       0x14 ../obj/stm32f10x_sdio.o
 .text.SDIO_ReadData
                0x00000000       0x18 ../obj/stm32f10x_sdio.o
 .text.SDIO_WriteData
                0x00000000       0x20 ../obj/stm32f10x_sdio.o
 .text.SDIO_GetFIFOCount
                0x00000000       0x14 ../obj/stm32f10x_sdio.o
 .text.SDIO_StartSDIOReadWait
                0x00000000       0x20 ../obj/stm32f10x_sdio.o
 .text.SDIO_StopSDIOReadWait
                0x00000000       0x20 ../obj/stm32f10x_sdio.o
 .text.SDIO_SetSDIOReadWaitMode
                0x00000000       0x1c ../obj/stm32f10x_sdio.o
 .text.SDIO_SetSDIOOperation
                0x00000000       0x20 ../obj/stm32f10x_sdio.o
 .text.SDIO_SendSDIOSuspendCmd
                0x00000000       0x20 ../obj/stm32f10x_sdio.o
 .text.SDIO_CommandCompletionCmd
                0x00000000       0x20 ../obj/stm32f10x_sdio.o
 .text.SDIO_CEATAITCmd
                0x00000000       0x2c ../obj/stm32f10x_sdio.o
 .text.SDIO_SendCEATACmd
                0x00000000       0x20 ../obj/stm32f10x_sdio.o
 .text.SDIO_GetFlagStatus
                0x00000000       0x34 ../obj/stm32f10x_sdio.o
 .text.SDIO_ClearFlag
                0x00000000       0x1c ../obj/stm32f10x_sdio.o
 .text.SDIO_GetITStatus
                0x00000000       0x34 ../obj/stm32f10x_sdio.o
 .text.SDIO_ClearITPendingBit
                0x00000000       0x1c ../obj/stm32f10x_sdio.o
 .debug_info    0x00000000      0x945 ../obj/stm32f10x_sdio.o
 .debug_abbrev  0x00000000      0x1f0 ../obj/stm32f10x_sdio.o
 .debug_loc     0x00000000      0xa38 ../obj/stm32f10x_sdio.o
 .debug_aranges
                0x00000000      0x108 ../obj/stm32f10x_sdio.o
 .debug_ranges  0x00000000       0xf8 ../obj/stm32f10x_sdio.o
 .debug_line    0x00000000      0x57d ../obj/stm32f10x_sdio.o
 .debug_str     0x00000000      0x6b2 ../obj/stm32f10x_sdio.o
 .comment       0x00000000       0x77 ../obj/stm32f10x_sdio.o
 .debug_frame   0x00000000      0x490 ../obj/stm32f10x_sdio.o
 .ARM.attributes
                0x00000000       0x2d ../obj/stm32f10x_sdio.o
 .text          0x00000000        0x0 ../obj/stm32f10x_spi.o
 .data          0x00000000        0x0 ../obj/stm32f10x_spi.o
 .bss           0x00000000        0x0 ../obj/stm32f10x_spi.o
 .text.SPI_I2S_DeInit
                0x00000000       0x74 ../obj/stm32f10x_spi.o
 .text.SPI_Init
                0x00000000       0x86 ../obj/stm32f10x_spi.o
 .text.I2S_Init
                0x00000000      0x168 ../obj/stm32f10x_spi.o
 .text.SPI_StructInit
                0x00000000       0x48 ../obj/stm32f10x_spi.o
 .text.I2S_StructInit
                0x00000000       0x36 ../obj/stm32f10x_spi.o
 .text.SPI_Cmd  0x00000000       0x3e ../obj/stm32f10x_spi.o
 .text.I2S_Cmd  0x00000000       0x3e ../obj/stm32f10x_spi.o
 .text.SPI_I2S_ITConfig
                0x00000000       0x60 ../obj/stm32f10x_spi.o
 .text.SPI_I2S_DMACmd
                0x00000000       0x46 ../obj/stm32f10x_spi.o
 .text.SPI_I2S_SendData
                0x00000000       0x1c ../obj/stm32f10x_spi.o
 .text.SPI_I2S_ReceiveData
                0x00000000       0x18 ../obj/stm32f10x_spi.o
 .text.SPI_NSSInternalSoftwareConfig
                0x00000000       0x42 ../obj/stm32f10x_spi.o
 .text.SPI_SSOutputCmd
                0x00000000       0x3e ../obj/stm32f10x_spi.o
 .text.SPI_DataSizeConfig
                0x00000000       0x36 ../obj/stm32f10x_spi.o
 .text.SPI_TransmitCRC
                0x00000000       0x22 ../obj/stm32f10x_spi.o
 .text.SPI_CalculateCRC
                0x00000000       0x3e ../obj/stm32f10x_spi.o
 .text.SPI_GetCRC
                0x00000000       0x30 ../obj/stm32f10x_spi.o
 .text.SPI_GetCRCPolynomial
                0x00000000       0x18 ../obj/stm32f10x_spi.o
 .text.SPI_BiDirectionalLineConfig
                0x00000000       0x40 ../obj/stm32f10x_spi.o
 .text.SPI_I2S_GetFlagStatus
                0x00000000       0x36 ../obj/stm32f10x_spi.o
 .text.SPI_I2S_ClearFlag
                0x00000000       0x20 ../obj/stm32f10x_spi.o
 .text.SPI_I2S_GetITStatus
                0x00000000       0x74 ../obj/stm32f10x_spi.o
 .text.SPI_I2S_ClearITPendingBit
                0x00000000       0x32 ../obj/stm32f10x_spi.o
 .debug_info    0x00000000      0xa3f ../obj/stm32f10x_spi.o
 .debug_abbrev  0x00000000      0x1d7 ../obj/stm32f10x_spi.o
 .debug_loc     0x00000000      0x82c ../obj/stm32f10x_spi.o
 .debug_aranges
                0x00000000       0xd0 ../obj/stm32f10x_spi.o
 .debug_ranges  0x00000000       0xc0 ../obj/stm32f10x_spi.o
 .debug_line    0x00000000      0x56e ../obj/stm32f10x_spi.o
 .debug_str     0x00000000      0x67f ../obj/stm32f10x_spi.o
 .comment       0x00000000       0x77 ../obj/stm32f10x_spi.o
 .debug_frame   0x00000000      0x3a0 ../obj/stm32f10x_spi.o
 .ARM.attributes
                0x00000000       0x2d ../obj/stm32f10x_spi.o
 .text          0x00000000        0x0 ../obj/stm32f10x_tim.o
 .data          0x00000000        0x0 ../obj/stm32f10x_tim.o
 .bss           0x00000000        0x0 ../obj/stm32f10x_tim.o
 .text.TIM_DeInit
                0x00000000      0x22c ../obj/stm32f10x_tim.o
 .text.TIM_TimeBaseInit
                0x00000000       0xf8 ../obj/stm32f10x_tim.o
 .text.TIM_OC1Init
                0x00000000      0x118 ../obj/stm32f10x_tim.o
 .text.TIM_OC2Init
                0x00000000      0x110 ../obj/stm32f10x_tim.o
 .text.TIM_OC3Init
                0x00000000      0x10c ../obj/stm32f10x_tim.o
 .text.TIM_OC4Init
                0x00000000       0xd0 ../obj/stm32f10x_tim.o
 .text.TIM_ICInit
                0x00000000       0xa8 ../obj/stm32f10x_tim.o
 .text.TIM_PWMIConfig
                0x00000000       0xb8 ../obj/stm32f10x_tim.o
 .text.TIM_BDTRConfig
                0x00000000       0x4e ../obj/stm32f10x_tim.o
 .text.TIM_TimeBaseStructInit
                0x00000000       0x32 ../obj/stm32f10x_tim.o
 .text.TIM_OCStructInit
                0x00000000       0x42 ../obj/stm32f10x_tim.o
 .text.TIM_ICStructInit
                0x00000000       0x30 ../obj/stm32f10x_tim.o
 .text.TIM_BDTRStructInit
                0x00000000       0x3c ../obj/stm32f10x_tim.o
 .text.TIM_Cmd  0x00000000       0x3e ../obj/stm32f10x_tim.o
 .text.TIM_CtrlPWMOutputs
                0x00000000       0x4a ../obj/stm32f10x_tim.o
 .text.TIM_ITConfig
                0x00000000       0x46 ../obj/stm32f10x_tim.o
 .text.TIM_GenerateEvent
                0x00000000       0x1c ../obj/stm32f10x_tim.o
 .text.TIM_DMAConfig
                0x00000000       0x28 ../obj/stm32f10x_tim.o
 .text.TIM_DMACmd
                0x00000000       0x46 ../obj/stm32f10x_tim.o
 .text.TIM_InternalClockConfig
                0x00000000       0x22 ../obj/stm32f10x_tim.o
 .text.TIM_ITRxExternalClockConfig
                0x00000000       0x2e ../obj/stm32f10x_tim.o
 .text.TIM_TIxExternalClockConfig
                0x00000000       0x5c ../obj/stm32f10x_tim.o
 .text.TIM_ETRClockMode1Config
                0x00000000       0x5e ../obj/stm32f10x_tim.o
 .text.TIM_ETRClockMode2Config
                0x00000000       0x3e ../obj/stm32f10x_tim.o
 .text.TIM_ETRConfig
                0x00000000       0x52 ../obj/stm32f10x_tim.o
 .text.TIM_PrescalerConfig
                0x00000000       0x26 ../obj/stm32f10x_tim.o
 .text.TIM_CounterModeConfig
                0x00000000       0x36 ../obj/stm32f10x_tim.o
 .text.TIM_SelectInputTrigger
                0x00000000       0x36 ../obj/stm32f10x_tim.o
 .text.TIM_EncoderInterfaceConfig
                0x00000000       0x96 ../obj/stm32f10x_tim.o
 .text.TIM_ForcedOC1Config
                0x00000000       0x36 ../obj/stm32f10x_tim.o
 .text.TIM_ForcedOC2Config
                0x00000000       0x3a ../obj/stm32f10x_tim.o
 .text.TIM_ForcedOC3Config
                0x00000000       0x36 ../obj/stm32f10x_tim.o
 .text.TIM_ForcedOC4Config
                0x00000000       0x3a ../obj/stm32f10x_tim.o
 .text.TIM_ARRPreloadConfig
                0x00000000       0x3e ../obj/stm32f10x_tim.o
 .text.TIM_SelectCOM
                0x00000000       0x3e ../obj/stm32f10x_tim.o
 .text.TIM_SelectCCDMA
                0x00000000       0x3e ../obj/stm32f10x_tim.o
 .text.TIM_CCPreloadControl
                0x00000000       0x3e ../obj/stm32f10x_tim.o
 .text.TIM_OC1PreloadConfig
                0x00000000       0x36 ../obj/stm32f10x_tim.o
 .text.TIM_OC2PreloadConfig
                0x00000000       0x3a ../obj/stm32f10x_tim.o
 .text.TIM_OC3PreloadConfig
                0x00000000       0x36 ../obj/stm32f10x_tim.o
 .text.TIM_OC4PreloadConfig
                0x00000000       0x3a ../obj/stm32f10x_tim.o
 .text.TIM_OC1FastConfig
                0x00000000       0x36 ../obj/stm32f10x_tim.o
 .text.TIM_OC2FastConfig
                0x00000000       0x3a ../obj/stm32f10x_tim.o
 .text.TIM_OC3FastConfig
                0x00000000       0x36 ../obj/stm32f10x_tim.o
 .text.TIM_OC4FastConfig
                0x00000000       0x3a ../obj/stm32f10x_tim.o
 .text.TIM_ClearOC1Ref
                0x00000000       0x36 ../obj/stm32f10x_tim.o
 .text.TIM_ClearOC2Ref
                0x00000000       0x3a ../obj/stm32f10x_tim.o
 .text.TIM_ClearOC3Ref
                0x00000000       0x36 ../obj/stm32f10x_tim.o
 .text.TIM_ClearOC4Ref
                0x00000000       0x3a ../obj/stm32f10x_tim.o
 .text.TIM_OC1PolarityConfig
                0x00000000       0x36 ../obj/stm32f10x_tim.o
 .text.TIM_OC1NPolarityConfig
                0x00000000       0x36 ../obj/stm32f10x_tim.o
 .text.TIM_OC2PolarityConfig
                0x00000000       0x3a ../obj/stm32f10x_tim.o
 .text.TIM_OC2NPolarityConfig
                0x00000000       0x3a ../obj/stm32f10x_tim.o
 .text.TIM_OC3PolarityConfig
                0x00000000       0x3a ../obj/stm32f10x_tim.o
 .text.TIM_OC3NPolarityConfig
                0x00000000       0x3a ../obj/stm32f10x_tim.o
 .text.TIM_OC4PolarityConfig
                0x00000000       0x3a ../obj/stm32f10x_tim.o
 .text.TIM_CCxCmd
                0x00000000       0x54 ../obj/stm32f10x_tim.o
 .text.TIM_CCxNCmd
                0x00000000       0x54 ../obj/stm32f10x_tim.o
 .text.TIM_SelectOCxM
                0x00000000       0xae ../obj/stm32f10x_tim.o
 .text.TIM_UpdateDisableConfig
                0x00000000       0x3e ../obj/stm32f10x_tim.o
 .text.TIM_UpdateRequestConfig
                0x00000000       0x3e ../obj/stm32f10x_tim.o
 .text.TIM_SelectHallSensor
                0x00000000       0x3e ../obj/stm32f10x_tim.o
 .text.TIM_SelectOnePulseMode
                0x00000000       0x36 ../obj/stm32f10x_tim.o
 .text.TIM_SelectOutputTrigger
                0x00000000       0x36 ../obj/stm32f10x_tim.o
 .text.TIM_SelectSlaveMode
                0x00000000       0x36 ../obj/stm32f10x_tim.o
 .text.TIM_SelectMasterSlaveMode
                0x00000000       0x36 ../obj/stm32f10x_tim.o
 .text.TIM_SetCounter
                0x00000000       0x1c ../obj/stm32f10x_tim.o
 .text.TIM_SetAutoreload
                0x00000000       0x1c ../obj/stm32f10x_tim.o
 .text.TIM_SetCompare1
                0x00000000       0x1c ../obj/stm32f10x_tim.o
 .text.TIM_SetCompare2
                0x00000000       0x1c ../obj/stm32f10x_tim.o
 .text.TIM_SetCompare3
                0x00000000       0x1c ../obj/stm32f10x_tim.o
 .text.TIM_SetCompare4
                0x00000000       0x1e ../obj/stm32f10x_tim.o
 .text.TIM_SetIC1Prescaler
                0x00000000       0x36 ../obj/stm32f10x_tim.o
 .text.TIM_SetIC2Prescaler
                0x00000000       0x3a ../obj/stm32f10x_tim.o
 .text.TIM_SetIC3Prescaler
                0x00000000       0x36 ../obj/stm32f10x_tim.o
 .text.TIM_SetIC4Prescaler
                0x00000000       0x3a ../obj/stm32f10x_tim.o
 .text.TIM_SetClockDivision
                0x00000000       0x36 ../obj/stm32f10x_tim.o
 .text.TIM_GetCapture1
                0x00000000       0x18 ../obj/stm32f10x_tim.o
 .text.TIM_GetCapture2
                0x00000000       0x18 ../obj/stm32f10x_tim.o
 .text.TIM_GetCapture3
                0x00000000       0x18 ../obj/stm32f10x_tim.o
 .text.TIM_GetCapture4
                0x00000000       0x1a ../obj/stm32f10x_tim.o
 .text.TIM_GetCounter
                0x00000000       0x18 ../obj/stm32f10x_tim.o
 .text.TIM_GetPrescaler
                0x00000000       0x18 ../obj/stm32f10x_tim.o
 .text.TIM_GetFlagStatus
                0x00000000       0x36 ../obj/stm32f10x_tim.o
 .text.TIM_ClearFlag
                0x00000000       0x20 ../obj/stm32f10x_tim.o
 .text.TIM_GetITStatus
                0x00000000       0x52 ../obj/stm32f10x_tim.o
 .text.TIM_ClearITPendingBit
                0x00000000       0x20 ../obj/stm32f10x_tim.o
 .text.TI1_Config
                0x00000000       0xe0 ../obj/stm32f10x_tim.o
 .text.TI2_Config
                0x00000000       0xf4 ../obj/stm32f10x_tim.o
 .text.TI3_Config
                0x00000000       0xec ../obj/stm32f10x_tim.o
 .text.TI4_Config
                0x00000000       0xf8 ../obj/stm32f10x_tim.o
 .debug_info    0x00000000     0x2053 ../obj/stm32f10x_tim.o
 .debug_abbrev  0x00000000      0x1f1 ../obj/stm32f10x_tim.o
 .debug_loc     0x00000000     0x2060 ../obj/stm32f10x_tim.o
 .debug_aranges
                0x00000000      0x2f0 ../obj/stm32f10x_tim.o
 .debug_ranges  0x00000000      0x2e0 ../obj/stm32f10x_tim.o
 .debug_line    0x00000000     0x1129 ../obj/stm32f10x_tim.o
 .debug_str     0x00000000      0xe5f ../obj/stm32f10x_tim.o
 .comment       0x00000000       0x77 ../obj/stm32f10x_tim.o
 .debug_frame   0x00000000      0xe2c ../obj/stm32f10x_tim.o
 .ARM.attributes
                0x00000000       0x2d ../obj/stm32f10x_tim.o
 .text          0x00000000        0x0 ../obj/stm32f10x_usart.o
 .data          0x00000000        0x0 ../obj/stm32f10x_usart.o
 .bss           0x00000000        0x0 ../obj/stm32f10x_usart.o
 .text.USART_DeInit
                0x00000000       0xb8 ../obj/stm32f10x_usart.o
 .text.USART_Init
                0x00000000      0x174 ../obj/stm32f10x_usart.o
 .text.USART_StructInit
                0x00000000       0x38 ../obj/stm32f10x_usart.o
 .text.USART_ClockInit
                0x00000000       0x56 ../obj/stm32f10x_usart.o
 .text.USART_ClockStructInit
                0x00000000       0x2a ../obj/stm32f10x_usart.o
 .text.USART_Cmd
                0x00000000       0x3e ../obj/stm32f10x_usart.o
 .text.USART_ITConfig
                0x00000000       0x8e ../obj/stm32f10x_usart.o
 .text.USART_DMACmd
                0x00000000       0x46 ../obj/stm32f10x_usart.o
 .text.USART_SetAddress
                0x00000000       0x38 ../obj/stm32f10x_usart.o
 .text.USART_WakeUpConfig
                0x00000000       0x36 ../obj/stm32f10x_usart.o
 .text.USART_ReceiverWakeUpCmd
                0x00000000       0x3e ../obj/stm32f10x_usart.o
 .text.USART_LINBreakDetectLengthConfig
                0x00000000       0x36 ../obj/stm32f10x_usart.o
 .text.USART_LINCmd
                0x00000000       0x3e ../obj/stm32f10x_usart.o
 .text.USART_SendData
                0x00000000       0x22 ../obj/stm32f10x_usart.o
 .text.USART_ReceiveData
                0x00000000       0x1e ../obj/stm32f10x_usart.o
 .text.USART_SendBreak
                0x00000000       0x22 ../obj/stm32f10x_usart.o
 .text.USART_SetGuardTime
                0x00000000       0x3a ../obj/stm32f10x_usart.o
 .text.USART_SetPrescaler
                0x00000000       0x38 ../obj/stm32f10x_usart.o
 .text.USART_SmartCardCmd
                0x00000000       0x3e ../obj/stm32f10x_usart.o
 .text.USART_SmartCardNACKCmd
                0x00000000       0x3e ../obj/stm32f10x_usart.o
 .text.USART_HalfDuplexCmd
                0x00000000       0x3e ../obj/stm32f10x_usart.o
 .text.USART_OverSampling8Cmd
                0x00000000       0x42 ../obj/stm32f10x_usart.o
 .text.USART_OneBitMethodCmd
                0x00000000       0x3e ../obj/stm32f10x_usart.o
 .text.USART_IrDAConfig
                0x00000000       0x36 ../obj/stm32f10x_usart.o
 .text.USART_IrDACmd
                0x00000000       0x3e ../obj/stm32f10x_usart.o
 .text.USART_GetFlagStatus
                0x00000000       0x36 ../obj/stm32f10x_usart.o
 .text.USART_ClearFlag
                0x00000000       0x20 ../obj/stm32f10x_usart.o
 .text.USART_GetITStatus
                0x00000000       0xb4 ../obj/stm32f10x_usart.o
 .text.USART_ClearITPendingBit
                0x00000000       0x38 ../obj/stm32f10x_usart.o
 .debug_info    0x00000000      0xb4c ../obj/stm32f10x_usart.o
 .debug_abbrev  0x00000000      0x1b9 ../obj/stm32f10x_usart.o
 .debug_loc     0x00000000      0xa54 ../obj/stm32f10x_usart.o
 .debug_aranges
                0x00000000      0x100 ../obj/stm32f10x_usart.o
 .debug_ranges  0x00000000       0xf0 ../obj/stm32f10x_usart.o
 .debug_line    0x00000000      0x663 ../obj/stm32f10x_usart.o
 .debug_str     0x00000000      0x712 ../obj/stm32f10x_usart.o
 .comment       0x00000000       0x77 ../obj/stm32f10x_usart.o
 .debug_frame   0x00000000      0x490 ../obj/stm32f10x_usart.o
 .ARM.attributes
                0x00000000       0x2d ../obj/stm32f10x_usart.o
 .text          0x00000000        0x0 ../obj/stm32f10x_wwdg.o
 .data          0x00000000        0x0 ../obj/stm32f10x_wwdg.o
 .bss           0x00000000        0x0 ../obj/stm32f10x_wwdg.o
 .text.WWDG_DeInit
                0x00000000       0x1c ../obj/stm32f10x_wwdg.o
 .text.WWDG_SetPrescaler
                0x00000000       0x34 ../obj/stm32f10x_wwdg.o
 .text.WWDG_SetWindowValue
                0x00000000       0x38 ../obj/stm32f10x_wwdg.o
 .text.WWDG_EnableIT
                0x00000000       0x18 ../obj/stm32f10x_wwdg.o
 .text.WWDG_SetCounter
                0x00000000       0x24 ../obj/stm32f10x_wwdg.o
 .text.WWDG_Enable
                0x00000000       0x24 ../obj/stm32f10x_wwdg.o
 .text.WWDG_GetFlagStatus
                0x00000000       0x18 ../obj/stm32f10x_wwdg.o
 .text.WWDG_ClearFlag
                0x00000000       0x18 ../obj/stm32f10x_wwdg.o
 .debug_info    0x00000000      0x27c ../obj/stm32f10x_wwdg.o
 .debug_abbrev  0x00000000      0x14a ../obj/stm32f10x_wwdg.o
 .debug_loc     0x00000000      0x268 ../obj/stm32f10x_wwdg.o
 .debug_aranges
                0x00000000       0x58 ../obj/stm32f10x_wwdg.o
 .debug_ranges  0x00000000       0x48 ../obj/stm32f10x_wwdg.o
 .debug_line    0x00000000      0x205 ../obj/stm32f10x_wwdg.o
 .debug_str     0x00000000      0x2df ../obj/stm32f10x_wwdg.o
 .comment       0x00000000       0x77 ../obj/stm32f10x_wwdg.o
 .debug_frame   0x00000000      0x12c ../obj/stm32f10x_wwdg.o
 .ARM.attributes
                0x00000000       0x2d ../obj/stm32f10x_wwdg.o

Memory Configuration

Name             Origin             Length             Attributes
RAM              0x68000000         0x00100000         xrw
FLASH            0x08000000         0x00100000         xr
FLASHB1          0x00000000         0x00000000         xr
EXTMEMB0         0x00000000         0x00000000         xr
EXTMEMB1         0x00000000         0x00000000         xr
EXTMEMB2         0x00000000         0x00000000         xr
EXTMEMB3         0x00000000         0x00000000         xr
*default*        0x00000000         0xffffffff

Linker script and memory map

LOAD ../obj/main.o
LOAD ../obj/stm32f10x_it.o
LOAD ../obj/system_stm32f10x.o
LOAD ../obj/core_cm3.o
LOAD ../obj/startup_stm32f10x_hd.o
LOAD ../obj/misc.o
LOAD ../obj/stm32f10x_adc.o
LOAD ../obj/stm32f10x_bkp.o
LOAD ../obj/stm32f10x_can.o
LOAD ../obj/stm32f10x_cec.o
LOAD ../obj/stm32f10x_crc.o
LOAD ../obj/stm32f10x_dac.o
LOAD ../obj/stm32f10x_dbgmcu.o
LOAD ../obj/stm32f10x_dma.o
LOAD ../obj/stm32f10x_exti.o
LOAD ../obj/stm32f10x_flash.o
LOAD ../obj/stm32f10x_fsmc.o
LOAD ../obj/stm32f10x_gpio.o
LOAD ../obj/stm32f10x_i2c.o
LOAD ../obj/stm32f10x_iwdg.o
LOAD ../obj/stm32f10x_pwr.o
LOAD ../obj/stm32f10x_rcc.o
LOAD ../obj/stm32f10x_rtc.o
LOAD ../obj/stm32f10x_sdio.o
LOAD ../obj/stm32f10x_spi.o
LOAD ../obj/stm32f10x_tim.o
LOAD ../obj/stm32f10x_usart.o
LOAD ../obj/stm32f10x_wwdg.o
LOAD d:/keil_v5/arm/gcc/bin/../lib/gcc/arm-none-eabi/8.3.1/../../../../arm-none-eabi/lib/thumb/v7-m/nofp\libm.a
START GROUP
LOAD d:/keil_v5/arm/gcc/bin/../lib/gcc/arm-none-eabi/8.3.1/thumb/v7-m/nofp\libgcc.a
LOAD d:/keil_v5/arm/gcc/bin/../lib/gcc/arm-none-eabi/8.3.1/../../../../arm-none-eabi/lib/thumb/v7-m/nofp\libc.a
END GROUP
                0x00000400                __Stack_Size = 0x400
                [!provide]                PROVIDE (_Stack_Size = __Stack_Size)
                0x680ffc00                __Stack_Init = (_estack - __Stack_Size)
                [!provide]                PROVIDE (_Stack_Init = __Stack_Init)
                0x00000100                _Minimum_Stack_Size = 0x100
                0x68100000                _estack = 0x68100000

.isr_vector     0x08000000      0x1e4
                0x08000000                . = ALIGN (0x4)
 *(.isr_vector)
 .isr_vector    0x08000000      0x1e4 ../obj/startup_stm32f10x_hd.o
                0x08000000                g_pfnVectors
                0x080001e4                . = ALIGN (0x4)

.flashtext      0x080001e4        0x0
                0x080001e4                . = ALIGN (0x4)
 *(.flashtext)
                0x080001e4                . = ALIGN (0x4)

.text           0x080001e4      0x4a0
                0x080001e4                . = ALIGN (0x4)
 *(.text)
 *(.text.*)
 .text.Delay    0x080001e4       0x26 ../obj/main.o
                0x080001e4                Delay
 *fill*         0x0800020a        0x2 
 .text.main     0x0800020c       0x7c ../obj/main.o
                0x0800020c                main
 .text.NMI_Handler
                0x08000288        0xc ../obj/stm32f10x_it.o
                0x08000288                NMI_Handler
 .text.HardFault_Handler
                0x08000294        0x6 ../obj/stm32f10x_it.o
                0x08000294                HardFault_Handler
 .text.MemManage_Handler
                0x0800029a        0x6 ../obj/stm32f10x_it.o
                0x0800029a                MemManage_Handler
 .text.BusFault_Handler
                0x080002a0        0x6 ../obj/stm32f10x_it.o
                0x080002a0                BusFault_Handler
 .text.UsageFault_Handler
                0x080002a6        0x6 ../obj/stm32f10x_it.o
                0x080002a6                UsageFault_Handler
 .text.SVC_Handler
                0x080002ac        0xc ../obj/stm32f10x_it.o
                0x080002ac                SVC_Handler
 .text.DebugMon_Handler
                0x080002b8        0xc ../obj/stm32f10x_it.o
                0x080002b8                DebugMon_Handler
 .text.PendSV_Handler
                0x080002c4        0xc ../obj/stm32f10x_it.o
                0x080002c4                PendSV_Handler
 .text.SysTick_Handler
                0x080002d0        0xc ../obj/stm32f10x_it.o
                0x080002d0                SysTick_Handler
 .text.SystemInit
                0x080002dc       0x68 ../obj/system_stm32f10x.o
                0x080002dc                SystemInit
 .text.SetSysClock
                0x08000344        0xc ../obj/system_stm32f10x.o
 .text.SetSysClockTo72
                0x08000350      0x100 ../obj/system_stm32f10x.o
 .text.Reset_Handler
                0x08000450       0x44 ../obj/startup_stm32f10x_hd.o
                0x08000450                Reset_Handler
 .text.Default_Handler
                0x08000494        0x2 ../obj/startup_stm32f10x_hd.o
                0x08000494                EXTI2_IRQHandler
                0x08000494                TIM8_TRG_COM_IRQHandler
                0x08000494                TIM8_CC_IRQHandler
                0x08000494                TIM1_CC_IRQHandler
                0x08000494                TIM6_IRQHandler
                0x08000494                PVD_IRQHandler
                0x08000494                SDIO_IRQHandler
                0x08000494                EXTI3_IRQHandler
                0x08000494                EXTI0_IRQHandler
                0x08000494                I2C2_EV_IRQHandler
                0x08000494                ADC1_2_IRQHandler
                0x08000494                SPI1_IRQHandler
                0x08000494                TAMPER_IRQHandler
                0x08000494                TIM8_UP_IRQHandler
                0x08000494                DMA2_Channel2_IRQHandler
                0x08000494                DMA1_Channel4_IRQHandler
                0x08000494                USART3_IRQHandler
                0x08000494                RTC_IRQHandler
                0x08000494                DMA1_Channel7_IRQHandler
                0x08000494                CAN1_RX1_IRQHandler
                0x08000494                UART5_IRQHandler
                0x08000494                ADC3_IRQHandler
                0x08000494                TIM4_IRQHandler
                0x08000494                DMA2_Channel1_IRQHandler
                0x08000494                I2C1_EV_IRQHandler
                0x08000494                DMA1_Channel6_IRQHandler
                0x08000494                UART4_IRQHandler
                0x08000494                TIM3_IRQHandler
                0x08000494                RCC_IRQHandler
                0x08000494                TIM1_TRG_COM_IRQHandler
                0x08000494                DMA1_Channel1_IRQHandler
                0x08000494                Default_Handler
                0x08000494                EXTI15_10_IRQHandler
                0x08000494                TIM7_IRQHandler
                0x08000494                TIM5_IRQHandler
                0x08000494                EXTI9_5_IRQHandler
                0x08000494                SPI2_IRQHandler
                0x08000494                DMA1_Channel5_IRQHandler
                0x08000494                EXTI4_IRQHandler
                0x08000494                USB_LP_CAN1_RX0_IRQHandler
                0x08000494                USB_HP_CAN1_TX_IRQHandler
                0x08000494                DMA1_Channel3_IRQHandler
                0x08000494                FSMC_IRQHandler
                0x08000494                TIM1_UP_IRQHandler
                0x08000494                WWDG_IRQHandler
                0x08000494                TIM2_IRQHandler
                0x08000494                TIM1_BRK_IRQHandler
                0x08000494                EXTI1_IRQHandler
                0x08000494                RTCAlarm_IRQHandler
                0x08000494                DMA2_Channel4_5_IRQHandler
                0x08000494                USART2_IRQHandler
                0x08000494                I2C2_ER_IRQHandler
                0x08000494                DMA1_Channel2_IRQHandler
                0x08000494                TIM8_BRK_IRQHandler
                0x08000494                CAN1_SCE_IRQHandler
                0x08000494                FLASH_IRQHandler
                0x08000494                USART1_IRQHandler
                0x08000494                SPI3_IRQHandler
                0x08000494                I2C1_ER_IRQHandler
                0x08000494                USBWakeUp_IRQHandler
                0x08000494                DMA2_Channel3_IRQHandler
 .text.GPIO_Init
                0x08000496      0x178 ../obj/stm32f10x_gpio.o
                0x08000496                GPIO_Init
 .text.GPIO_SetBits
                0x0800060e       0x1c ../obj/stm32f10x_gpio.o
                0x0800060e                GPIO_SetBits
 .text.GPIO_ResetBits
                0x0800062a       0x1c ../obj/stm32f10x_gpio.o
                0x0800062a                GPIO_ResetBits
 *fill*         0x08000646        0x2 
 .text.RCC_APB2PeriphClockCmd
                0x08000648       0x3c ../obj/stm32f10x_rcc.o
                0x08000648                RCC_APB2PeriphClockCmd
 *(.rodata)
 *(.rodata*)
 *(.glue_7)
 .glue_7        0x08000684        0x0 linker stubs
 *(.glue_7t)
 .glue_7t       0x08000684        0x0 linker stubs
                0x08000684                . = ALIGN (0x4)
                0x08000684                _etext = .
                0x08000684                _sidata = _etext

.vfp11_veneer   0x08000684        0x0
 .vfp11_veneer  0x08000684        0x0 linker stubs

.v4_bx          0x08000684        0x0
 .v4_bx         0x08000684        0x0 linker stubs

.iplt           0x08000684        0x0
 .iplt          0x08000684        0x0 ../obj/main.o

.rel.dyn        0x08000684        0x0
 .rel.iplt      0x08000684        0x0 ../obj/main.o

.data           0x68000000        0x0 load address 0x08000684
                0x68000000                . = ALIGN (0x4)
                0x68000000                _sdata = .
 *(.data)
 *(.data.*)
                0x68000000                . = ALIGN (0x4)
                0x68000000                _edata = .

.igot.plt       0x68000000        0x0
 .igot.plt      0x68000000        0x0 ../obj/main.o

.bss            0x68000000        0x0
                0x68000000                . = ALIGN (0x4)
                0x68000000                _sbss = .
 *(.bss)
 *(COMMON)
                0x68000000                . = ALIGN (0x4)
                0x68000000                _ebss = .
                [!provide]                PROVIDE (end = _ebss)
                [!provide]                PROVIDE (_end = _ebss)

._usrstack      0x68000000      0x100
                0x68000000                . = ALIGN (0x4)
                0x68000000                _susrstack = .
                0x68000100                . = (. + _Minimum_Stack_Size)
 *fill*         0x68000000      0x100 
                0x68000100                . = ALIGN (0x4)
                0x68000100                _eusrstack = .

.b1text
 *(.b1text)
 *(.b1rodata)
 *(.b1rodata*)

.eb0text
 *(.eb0text)
 *(.eb0rodata)
 *(.eb0rodata*)

.eb1text
 *(.eb1text)
 *(.eb1rodata)
 *(.eb1rodata*)

.eb2text
 *(.eb2text)
 *(.eb2rodata)
 *(.eb2rodata*)

.eb3text
 *(.eb3text)
 *(.eb3rodata)
 *(.eb3rodata*)

DISCARD
 libc.a(*)
 libm.a(*)
 libgcc.a(*)

.stab
 *(.stab)

.stabstr
 *(.stabstr)

.stab.excl
 *(.stab.excl)

.stab.exclstr
 *(.stab.exclstr)

.stab.index
 *(.stab.index)

.stab.indexstr
 *(.stab.indexstr)

.comment        0x00000000       0x76
 *(.comment)
 .comment       0x00000000       0x76 ../obj/main.o
                                 0x77 (size before relaxing)
 .comment       0x00000076       0x77 ../obj/stm32f10x_it.o
 .comment       0x00000076       0x77 ../obj/system_stm32f10x.o
 .comment       0x00000076       0x77 ../obj/stm32f10x_gpio.o
 .comment       0x00000076       0x77 ../obj/stm32f10x_rcc.o

.ARM.attributes
                0x00000000       0x2b
 .ARM.attributes
                0x00000000       0x2d ../obj/main.o
 .ARM.attributes
                0x0000002d       0x2d ../obj/stm32f10x_it.o
 .ARM.attributes
                0x0000005a       0x2d ../obj/system_stm32f10x.o
 .ARM.attributes
                0x00000087       0x21 ../obj/startup_stm32f10x_hd.o
 .ARM.attributes
                0x000000a8       0x2d ../obj/stm32f10x_gpio.o
 .ARM.attributes
                0x000000d5       0x2d ../obj/stm32f10x_rcc.o

.debug
 *(.debug)

.line
 *(.line)

.debug_srcinfo
 *(.debug_srcinfo)

.debug_sfnames
 *(.debug_sfnames)

.debug_aranges  0x00000000      0x2a8
 *(.debug_aranges)
 .debug_aranges
                0x00000000       0x28 ../obj/main.o
 .debug_aranges
                0x00000028       0x60 ../obj/stm32f10x_it.o
 .debug_aranges
                0x00000088       0x38 ../obj/system_stm32f10x.o
 .debug_aranges
                0x000000c0       0x28 ../obj/startup_stm32f10x_hd.o
 .debug_aranges
                0x000000e8       0xa8 ../obj/stm32f10x_gpio.o
 .debug_aranges
                0x00000190      0x118 ../obj/stm32f10x_rcc.o

.debug_pubnames
 *(.debug_pubnames)

.debug_info     0x00000000     0x1ac7
 *(.debug_info .gnu.linkonce.wi.*)
 .debug_info    0x00000000      0x296 ../obj/main.o
 .debug_info    0x00000296      0x179 ../obj/stm32f10x_it.o
 .debug_info    0x0000040f      0x4f3 ../obj/system_stm32f10x.o
 .debug_info    0x00000902       0x22 ../obj/startup_stm32f10x_hd.o
 .debug_info    0x00000924      0x7cc ../obj/stm32f10x_gpio.o
 .debug_info    0x000010f0      0x9d7 ../obj/stm32f10x_rcc.o

.debug_abbrev   0x00000000      0x7d4
 *(.debug_abbrev)
 .debug_abbrev  0x00000000      0x171 ../obj/main.o
 .debug_abbrev  0x00000171       0x82 ../obj/stm32f10x_it.o
 .debug_abbrev  0x000001f3      0x1c3 ../obj/system_stm32f10x.o
 .debug_abbrev  0x000003b6       0x12 ../obj/startup_stm32f10x_hd.o
 .debug_abbrev  0x000003c8      0x211 ../obj/stm32f10x_gpio.o
 .debug_abbrev  0x000005d9      0x1fb ../obj/stm32f10x_rcc.o

.debug_line     0x00000000     0x11e0
 *(.debug_line)
 .debug_line    0x00000000      0x181 ../obj/main.o
 .debug_line    0x00000181      0x19b ../obj/stm32f10x_it.o
 .debug_line    0x0000031c      0x277 ../obj/system_stm32f10x.o
 .debug_line    0x00000593       0x7a ../obj/startup_stm32f10x_hd.o
 .debug_line    0x0000060d      0x51c ../obj/stm32f10x_gpio.o
 .debug_line    0x00000b29      0x6b7 ../obj/stm32f10x_rcc.o

.debug_frame    0x00000000      0x9c4
 *(.debug_frame)
 .debug_frame   0x00000000       0x58 ../obj/main.o
 .debug_frame   0x00000058      0x110 ../obj/stm32f10x_it.o
 .debug_frame   0x00000168       0x98 ../obj/system_stm32f10x.o
 .debug_frame   0x00000200      0x2d0 ../obj/stm32f10x_gpio.o
 .debug_frame   0x000004d0      0x4f4 ../obj/stm32f10x_rcc.o

.debug_str      0x00000000      0xb3e
 *(.debug_str)
 .debug_str     0x00000000      0x2f5 ../obj/main.o
                                0x33b (size before relaxing)
 .debug_str     0x000002f5       0x9f ../obj/stm32f10x_it.o
                                0x26f (size before relaxing)
 .debug_str     0x00000394      0x136 ../obj/system_stm32f10x.o
                                0x33b (size before relaxing)
 .debug_str     0x000004ca       0x2d ../obj/startup_stm32f10x_hd.o
                                 0x4f (size before relaxing)
 .debug_str     0x000004f7      0x279 ../obj/stm32f10x_gpio.o
                                0x59b (size before relaxing)
 .debug_str     0x00000770      0x3ce ../obj/stm32f10x_rcc.o
                                0x69c (size before relaxing)

.debug_loc      0x00000000     0x1510
 *(.debug_loc)
 .debug_loc     0x00000000       0x94 ../obj/main.o
 .debug_loc     0x00000094      0x204 ../obj/stm32f10x_it.o
 .debug_loc     0x00000298      0x110 ../obj/system_stm32f10x.o
 .debug_loc     0x000003a8      0x63c ../obj/stm32f10x_gpio.o
 .debug_loc     0x000009e4      0xb2c ../obj/stm32f10x_rcc.o

.debug_macinfo
 *(.debug_macinfo)

.debug_weaknames
 *(.debug_weaknames)

.debug_funcnames
 *(.debug_funcnames)

.debug_typenames
 *(.debug_typenames)

.debug_varnames
 *(.debug_varnames)
OUTPUT(../OBJ/Template_GCC.elf elf32-bigarm)

.debug_ranges   0x00000000      0x250
 .debug_ranges  0x00000000       0x18 ../obj/main.o
 .debug_ranges  0x00000018       0x50 ../obj/stm32f10x_it.o
 .debug_ranges  0x00000068       0x28 ../obj/system_stm32f10x.o
 .debug_ranges  0x00000090       0x20 ../obj/startup_stm32f10x_hd.o
 .debug_ranges  0x000000b0       0x98 ../obj/stm32f10x_gpio.o
 .debug_ranges  0x00000148      0x108 ../obj/stm32f10x_rcc.o
